Copyright 1986-2016 Xilinx, Inc. All Rights Reserved.
------------------------------------------------------------------------------------
| Tool Version : Vivado v.2016.2 (lin64) Build 1577090 Thu Jun  2 16:32:35 MDT 2016
| Date         : Fri Sep 23 16:33:45 2016
| Host         : avalon running 64-bit Ubuntu 16.04.1 LTS
| Command      : report_control_sets -verbose -file clock_control_sets_placed.rpt
| Design       : clock
| Device       : xc7a100t
------------------------------------------------------------------------------------

Control Set Information

Table of Contents
-----------------
1. Summary
2. Flip-Flop Distribution
3. Detailed Control Set Information

1. Summary
----------

+----------------------------------------------------------+-------+
|                          Status                          | Count |
+----------------------------------------------------------+-------+
| Number of unique control sets                            |    10 |
| Unused register locations in slices containing registers |    31 |
+----------------------------------------------------------+-------+


2. Flip-Flop Distribution
-------------------------

+--------------+-----------------------+------------------------+-----------------+--------------+
| Clock Enable | Synchronous Set/Reset | Asynchronous Set/Reset | Total Registers | Total Slices |
+--------------+-----------------------+------------------------+-----------------+--------------+
| No           | No                    | No                     |              33 |           12 |
| No           | No                    | Yes                    |               0 |            0 |
| No           | Yes                   | No                     |              32 |            8 |
| Yes          | No                    | No                     |              32 |            9 |
| Yes          | No                    | Yes                    |               0 |            0 |
| Yes          | Yes                   | No                     |              96 |           23 |
+--------------+-----------------------+------------------------+-----------------+--------------+


3. Detailed Control Set Information
-----------------------------------

+--------------------+---------------------------------+----------------------------+------------------+----------------+
|    Clock Signal    |          Enable Signal          |      Set/Reset Signal      | Slice Load Count | Bel Load Count |
+--------------------+---------------------------------+----------------------------+------------------+----------------+
|  clk_dst_BUFG      |                                 |                            |                1 |              1 |
|  true_clk_0        |                                 |                            |                1 |              1 |
|  true_clk          |                                 |                            |                1 |              1 |
|  TICK_DIVIDER/CLK  |                                 |                            |                1 |              3 |
|  clk_src_IBUF_BUFG |                                 |                            |                8 |             27 |
|  clk_src_IBUF_BUFG |                                 | DRANGE_DIVIDER/clear       |                8 |             32 |
|  clk_dst_BUFG      | SEC_TIMER/E[0]                  |                            |                9 |             32 |
|  true_clk_1        | HOUR_TIMER/count[31]_i_1__0_n_0 | HOUR_TIMER/count_reg[31]_0 |                8 |             32 |
|  true_clk_0        | SEC_TIMER/count[31]_i_2_n_0     | HOUR_TIMER/count_reg[31]_0 |                8 |             32 |
|  true_clk          | MIN_TIMER/count[31]_i_1_n_0     | HOUR_TIMER/count_reg[31]_0 |                7 |             32 |
+--------------------+---------------------------------+----------------------------+------------------+----------------+


