Copyright 1986-2016 Xilinx, Inc. All Rights Reserved.
--------------------------------------------------------------------------------------------
| Tool Version      : Vivado v.2016.2 (lin64) Build 1577090 Thu Jun  2 16:32:35 MDT 2016
| Date              : Tue Sep 27 11:22:53 2016
| Host              : uncertainmove-Lenovo running 64-bit Ubuntu 16.04 LTS
| Command           : report_clock_utilization -file controler_clock_utilization_routed.rpt
| Design            : controler
| Device            : 7a100t-csg324
| Speed File        : -1  PRODUCTION 1.14 2014-09-11
| Temperature Grade : C
--------------------------------------------------------------------------------------------

Clock Utilization Report

Table of Contents
-----------------
1. Clock Primitive Utilization
2. Global Clock Resources
3. Global Clock Source Details
4. Local Clock Details
5. Clock Regions: Key Resource Utilization
6. Clock Regions : Global Clock Summary
7. Cell Type Counts per Global Clock: Region X1Y1
8. Load Cell Placement Summary for Global Clock g0
9. Load Cell Placement Summary for Global Clock g1
10. Load Cell Placement Summary for Global Clock g2
11. Load Cell Placement Summary for Global Clock g3
12. Load Cell Placement Summary for Global Clock g4
13. Load Cell Placement Summary for Global Clock g5
14. Load Cell Placement Summary for Global Clock g6
15. Load Cell Placement Summary for Global Clock g7
16. Load Cell Placement Summary for Global Clock g8
17. Load Cell Placement Summary for Global Clock g9
18. Load Cell Placement Summary for Global Clock g10
19. Load Cell Placement Summary for Global Clock g11

1. Clock Primitive Utilization
------------------------------

+----------+------+-----------+-----+--------------+--------+
| Type     | Used | Available | LOC | Clock Region | Pblock |
+----------+------+-----------+-----+--------------+--------+
| BUFGCTRL |   12 |        32 |   0 |            0 |      0 |
| BUFH     |    0 |        96 |   0 |            0 |      0 |
| BUFIO    |    0 |        24 |   0 |            0 |      0 |
| BUFMR    |    0 |        12 |   0 |            0 |      0 |
| BUFR     |    0 |        24 |   0 |            0 |      0 |
| MMCM     |    0 |         6 |   0 |            0 |      0 |
| PLL      |    0 |         6 |   0 |            0 |      0 |
+----------+------+-----------+-----+--------------+--------+


2. Global Clock Resources
-------------------------

+-------+-------+-----------------+------------+----------------+--------------+------+-------------------+---------------+-------------+-----------------+--------------+-------+-----------------------------+-----------------------------------------+
| GlbID | SrcId | Driver Type/Pin | Constraint | Site           | Clock Region | Root | Clock Delay Group | Clock Regions | Clock Loads | Non-Clock Loads | Clock Period | Clock | Driver Pin                  | Net                                     |
+-------+-------+-----------------+------------+----------------+--------------+------+-------------------+---------------+-------------+-----------------+--------------+-------+-----------------------------+-----------------------------------------+
| g0    | src0  | BUFG/O          | None       | BUFGCTRL_X0Y0  | n/a          |      |                   |             1 |         196 |               0 |              |       | clk_BUFG[0]_inst/O          | clk_BUFG[0]                             |
| g1    | src1  | BUFG/O          | None       | BUFGCTRL_X0Y1  | n/a          |      |                   |             1 |          66 |               0 |              |       | count_mode_reg[31]_i_3/O    | DEWATERIGN_TIMER/real_clk               |
| g2    | src2  | BUFG/O          | None       | BUFGCTRL_X0Y4  | n/a          |      |                   |             1 |          66 |               0 |              |       | count_mode_reg[31]_i_3__2/O | RINSING_TIMER/real_clk                  |
| g3    | src3  | BUFG/O          | None       | BUFGCTRL_X0Y2  | n/a          |      |                   |             1 |          66 |               0 |              |       | count_mode_reg[31]_i_3__0/O | TIMER_WASH/real_clk                     |
| g4    | src4  | BUFG/O          | None       | BUFGCTRL_X0Y3  | n/a          |      |                   |             1 |          66 |               0 |              |       | count_mode_reg[31]_i_3__1/O | TIMER_WASH/real_clk_0                   |
| g5    | src5  | BUFG/O          | None       | BUFGCTRL_X0Y5  | n/a          |      |                   |             1 |          37 |               0 |              |       | count_mode_reg[2]_i_3/O     | WATER_IN_MODE/WATER_IN_TIMER/real_clk   |
| g6    | src6  | BUFG/O          | None       | BUFGCTRL_X0Y6  | n/a          |      |                   |             1 |          37 |               0 |              |       | count_mode_reg[2]_i_3__0/O  | WATER_IN_MODE/WATER_IN_TIMER/real_clk_1 |
| g7    | src7  | BUFG/O          | None       | BUFGCTRL_X0Y7  | n/a          |      |                   |             1 |          37 |               0 |              |       | count_mode_reg[2]_i_3__1/O  | WATER_OUT_MODE/WATER_IN_TIMER/real_clk  |
| g8    | src8  | BUFG/O          | None       | BUFGCTRL_X0Y8  | n/a          |      |                   |             1 |          37 |               0 |              |       | real_p_clk_BUFG_inst/O      | real_p_clk_BUFG                         |
| g9    | src9  | BUFG/O          | None       | BUFGCTRL_X0Y10 | n/a          |      |                   |             1 |          33 |               0 |              |       | clk_BUFG[24]_inst/O         | clk_BUFG[24]                            |
| g10   | src10 | BUFG/O          | None       | BUFGCTRL_X0Y16 | n/a          |      |                   |             1 |          26 |               0 |              |       | clk_src_IBUF_BUFG_inst/O    | clk_src_IBUF_BUFG                       |
| g11   | src11 | BUFG/O          | None       | BUFGCTRL_X0Y9  | n/a          |      |                   |             1 |           3 |              32 |              |       | n_0_2316_BUFG_inst/O        | n_0_2316_BUFG                           |
+-------+-------+-----------------+------------+----------------+--------------+------+-------------------+---------------+-------------+-----------------+--------------+-------+-----------------------------+-----------------------------------------+
* Note: Multiple constraint types applied to the driver. Please check for potential conflicts.


3. Global Clock Source Details
------------------------------

+-------+--------+-----------------+------------+--------------+--------------+-------------+-----------------+---------------------+--------------+-----------------------------------------------------------------+---------------------------------------------------------+
| SrcID | GlbIDs | Driver Type/Pin | Constraint | Site         | Clock Region | Clock Loads | Non-Clock Loads | Source Clock Period | Source Clock | Driver Pin                                                      | Net                                                     |
+-------+--------+-----------------+------------+--------------+--------------+-------------+-----------------+---------------------+--------------+-----------------------------------------------------------------+---------------------------------------------------------+
| src0  | g0     | FDRE/Q          | None       | SLICE_X59Y76 | X1Y1         |           0 |              11 |                     |              | TICK_DEVIDER/clk_group_reg[0]/Q                                 | TICK_DEVIDER/clk_0__s_net_1                             |
| src1  | g1     | LUT6/O          | None       | SLICE_X58Y67 | X1Y1         |           0 |               1 |                     |              | TICK_DEVIDER/count_mode[31]_i_11__0/O                           | TICK_DEVIDER/reverse_count_reg[31]_0                    |
| src2  | g2     | LUT6/O          | None       | SLICE_X58Y70 | X1Y1         |           0 |               1 |                     |              | TICK_DEVIDER/count_mode[31]_i_11__1/O                           | TICK_DEVIDER/reverse_count_reg[31]_1                    |
| src3  | g3     | LUT6/O          | None       | SLICE_X82Y70 | X1Y1         |           0 |               1 |                     |              | TICK_DEVIDER/count_mode[31]_i_11/O                              | TICK_DEVIDER/reverse_count_reg[31]                      |
| src4  | g4     | LUT6/O          | None       | SLICE_X70Y64 | X1Y1         |           0 |               1 |                     |              | TICK_DEVIDER/count_mode[31]_i_11__2/O                           | TICK_DEVIDER/reverse_count_reg[31]_2                    |
| src5  | g5     | LUT6/O          | None       | SLICE_X68Y61 | X1Y1         |           0 |               1 |                     |              | RINSE_MODE/WATER_IN_MODE/WATER_IN_TIMER/count_mode[2]_i_10__0/O | RINSE_MODE/WATER_IN_MODE/WATER_IN_TIMER/init_flag_reg_0 |
| src6  | g6     | LUT6/O          | None       | SLICE_X76Y61 | X1Y1         |           0 |               1 |                     |              | TICK_DEVIDER/count_mode[2]_i_10/O                               | TICK_DEVIDER/init_flag_reg                              |
| src7  | g7     | LUT6/O          | None       | SLICE_X58Y64 | X1Y1         |           0 |               1 |                     |              | TICK_DEVIDER/count_mode[2]_i_10__1/O                            | TICK_DEVIDER/init_flag_reg_0                            |
| src8  | g8     | LUT3/O          | None       | SLICE_X77Y79 | X1Y1         |           0 |               1 |                     |              | TICK_DEVIDER/real_p_clk_BUFG_inst_i_1/O                         | TICK_DEVIDER/real_p_clk                                 |
| src9  | g9     | FDRE/Q          | None       | SLICE_X59Y82 | X1Y1         |           0 |               2 |                     |              | TICK_DEVIDER/clk_group_reg[24]/Q                                | TICK_DEVIDER/clk[24]                                    |
| src10 | g10    | IBUF/O          | IOB_X1Y126 | IOB_X1Y126   | X1Y2         |           0 |               1 |                     |              | clk_src_IBUF_inst/O                                             | clk_src_IBUF                                            |
| src11 | g11    | LUT3/O          | None       | SLICE_X82Y61 | X1Y1         |           0 |               2 |                     |              | RINSE_MODE/n_0_2316_BUFG_inst_i_1/O                             | RINSE_MODE/n_0_2316_BUFG_inst_n_1                       |
+-------+--------+-----------------+------------+--------------+--------------+-------------+-----------------+---------------------+--------------+-----------------------------------------------------------------+---------------------------------------------------------+
* Note: Multiple constraint types applied to the driver. Please check for potential conflicts.


4. Local Clock Details
----------------------

+-------+-----------------+------------+------------------+--------------+-------------+-----------------+--------------+-------+----------------------------------+---------------------+
| LocId | Driver Type/Pin | Constraint | Site/BEL         | Clock Region | Clock Loads | Non-Clock Loads | Clock Period | Clock | Driver Pin                       | Net                 |
+-------+-----------------+------------+------------------+--------------+-------------+-----------------+--------------+-------+----------------------------------+---------------------+
| 0     | FDRE/Q          | None       | SLICE_X59Y82/BFF | X1Y1         |           8 |               9 |              |       | TICK_DEVIDER/clk_group_reg[25]/Q | TICK_DEVIDER/clk[1] |
| 1     | FDRE/Q          | None       | SLICE_X59Y79/DFF | X1Y1         |           3 |               1 |              |       | TICK_DEVIDER/clk_group_reg[15]/Q | TICK_DEVIDER/clk[0] |
+-------+-----------------+------------+------------------+--------------+-------------+-----------------+--------------+-------+----------------------------------+---------------------+
* Note: Multiple constraint types applied to the driver. Please check for potential conflicts.


5. Clock Regions: Key Resource Utilization
------------------------------------------

+-------------------+--------------+--------------+--------------+--------------+--------------+--------------+--------------+--------------+--------------+--------------+--------------+--------------+--------------+--------------+--------------+
|                   | Global Clock |     BUFRs    |    BUFMRs    |    BUFIOs    |     MMCM     |      PLL     |      GT      |      PCI     |    ILOGIC    |    OLOGIC    |      FF      |     LUTM     |    RAMB18    |    RAMB36    |    DSP48E2   |
+-------------------+------+-------+------+-------+------+-------+------+-------+------+-------+------+-------+------+-------+------+-------+------+-------+------+-------+------+-------+------+-------+------+-------+------+-------+------+-------+
| Clock Region Name | Used | Avail | Used | Avail | Used | Avail | Used | Avail | Used | Avail | Used | Avail | Used | Avail | Used | Avail | Used | Avail | Used | Avail | Used | Avail | Used | Avail | Used | Avail | Used | Avail | Used | Avail |
+-------------------+------+-------+------+-------+------+-------+------+-------+------+-------+------+-------+------+-------+------+-------+------+-------+------+-------+------+-------+------+-------+------+-------+------+-------+------+-------+
| X0Y0              |    0 |    12 |    0 |     4 |    0 |     2 |    0 |     4 |    0 |     1 |    0 |     1 |    0 |     0 |    0 |     0 |    0 |    50 |    0 |    50 |    0 | 20800 |    0 |  2400 |    0 |     0 |    0 |    10 |    0 |    20 |
| X1Y0              |    0 |    12 |    0 |     0 |    0 |     0 |    0 |     0 |    0 |     0 |    0 |     0 |    0 |     5 |    0 |     0 |    0 |     0 |    0 |     0 |    0 | 12000 |    0 |  2200 |    0 |     0 |    0 |    20 |    0 |    40 |
| X0Y1              |    0 |    12 |    0 |     4 |    0 |     2 |    0 |     4 |    0 |     1 |    0 |     1 |    0 |     0 |    0 |     0 |    0 |    50 |    0 |    50 |    0 | 16000 |    0 |  2400 |    0 |     0 |    0 |    10 |    0 |    20 |
| X1Y1              |   12 |    12 |    0 |     4 |    0 |     2 |    0 |     4 |    0 |     1 |    0 |     1 |    0 |     0 |    0 |     0 |    0 |    50 |    0 |    50 |  496 | 15200 |   15 |  2600 |    0 |     0 |    0 |    30 |    0 |    40 |
| X0Y2              |    0 |    12 |    0 |     4 |    0 |     2 |    0 |     4 |    0 |     1 |    0 |     1 |    0 |     0 |    0 |     0 |    0 |    50 |    0 |    50 |    0 | 16000 |    0 |  2400 |    0 |     0 |    0 |    10 |    0 |    20 |
| X1Y2              |    0 |    12 |    0 |     4 |    0 |     2 |    0 |     4 |    0 |     1 |    0 |     1 |    0 |     0 |    0 |     0 |    0 |    50 |    0 |    50 |    0 | 15200 |    0 |  2600 |    0 |     0 |    0 |    30 |    0 |    40 |
| X0Y3              |    0 |    12 |    0 |     4 |    0 |     2 |    0 |     4 |    0 |     1 |    0 |     1 |    0 |     0 |    0 |     0 |    0 |    50 |    0 |    50 |    0 | 20800 |    0 |  2400 |    0 |     0 |    0 |    10 |    0 |    20 |
| X1Y3              |    0 |    12 |    0 |     0 |    0 |     0 |    0 |     0 |    0 |     0 |    0 |     0 |    0 |     5 |    0 |     0 |    0 |     0 |    0 |     0 |    0 | 10800 |    0 |  2000 |    0 |     0 |    0 |    15 |    0 |    40 |
+-------------------+------+-------+------+-------+------+-------+------+-------+------+-------+------+-------+------+-------+------+-------+------+-------+------+-------+------+-------+------+-------+------+-------+------+-------+------+-------+
* Used Global Clocks includes only global clock resources based on load placement but does not consider global clock resources used to traverse a clock region. Therefore the actual total of Used Global Clocks may be higher.
** RAMB36 site can be used as two RAMB18/FIFO18 sites.


6. Clock Regions : Global Clock Summary
---------------------------------------

+----+----+----+
|    | X0 | X1 |
+----+----+----+
| Y3 |  0 |  0 |
| Y2 |  0 |  0 |
| Y1 |  0 | 12 |
| Y0 |  0 |  0 |
+----+----+----+
* Used Global Clocks includes only global clock resources based on load placement but does not consider global clock resources used to traverse a clock region. Therefore the actual total of Used Global Clocks may be higher.


7. Cell Type Counts per Global Clock: Region X1Y1
-------------------------------------------------

+-------+-------+-----------------+------------+-------------+-----------------+-----+--------+------+-----+----+------+-----+---------+-----------------------------------------+
| GlbID | Track | Driver Type/Pin | Constraint | Clock Loads | Non-Clock Loads | FF  | LUTRAM | RAMB | DSP | GT | MMCM | PLL | Hard IP | Net                                     |
+-------+-------+-----------------+------------+-------------+-----------------+-----+--------+------+-----+----+------+-----+---------+-----------------------------------------+
| g0    | n/a   | BUFG/O          | None       |           0 |             136 | 136 |      6 |    0 |   0 |  0 |    0 |   0 |       0 | clk_BUFG[0]                             |
| g1    | n/a   | BUFG/O          | None       |           0 |              66 |  66 |      1 |    0 |   0 |  0 |    0 |   0 |       0 | DEWATERIGN_TIMER/real_clk               |
| g2    | n/a   | BUFG/O          | None       |           0 |               2 |   2 |      1 |    0 |   0 |  0 |    0 |   0 |       0 | RINSING_TIMER/real_clk                  |
| g3    | n/a   | BUFG/O          | None       |           0 |              35 |  35 |      1 |    0 |   0 |  0 |    0 |   0 |       0 | TIMER_WASH/real_clk                     |
| g4    | n/a   | BUFG/O          | None       |           0 |              66 |  66 |      1 |    0 |   0 |  0 |    0 |   0 |       0 | TIMER_WASH/real_clk_0                   |
| g5    | n/a   | BUFG/O          | None       |           0 |              37 |  37 |      0 |    0 |   0 |  0 |    0 |   0 |       0 | WATER_IN_MODE/WATER_IN_TIMER/real_clk   |
| g6    | n/a   | BUFG/O          | None       |           0 |               5 |   5 |      1 |    0 |   0 |  0 |    0 |   0 |       0 | WATER_IN_MODE/WATER_IN_TIMER/real_clk_1 |
| g7    | n/a   | BUFG/O          | None       |           0 |              34 |  34 |      1 |    0 |   0 |  0 |    0 |   0 |       0 | WATER_OUT_MODE/WATER_IN_TIMER/real_clk  |
| g8    | n/a   | BUFG/O          | None       |           0 |              37 |  37 |      0 |    0 |   0 |  0 |    0 |   0 |       0 | real_p_clk_BUFG                         |
| g9    | n/a   | BUFG/O          | None       |           0 |              32 |  32 |      1 |    0 |   0 |  0 |    0 |   0 |       0 | clk_BUFG[24]                            |
| g10   | n/a   | BUFG/O          | None       |           0 |              26 |  26 |      0 |    0 |   0 |  0 |    0 |   0 |       0 | clk_src_IBUF_BUFG                       |
| g11   | n/a   | BUFG/O          | None       |           0 |              27 |  27 |      1 |    0 |   0 |  0 |    0 |   0 |       0 | n_0_2316_BUFG                           |
+-------+-------+-----------------+------------+-------------+-----------------+-----+--------+------+-----+----+------+-----+---------+-----------------------------------------+
* Note: Multiple constraint types applied to the driver. Please check for potential conflicts.


8. Load Cell Placement Summary for Global Clock g0
--------------------------------------------------

+-------+-----------------+-------------------+-------+-------------+---------------+----------+-------------+----------+-------------+----+-------------+
| GlbID | Driver Type/Pin | Driver Region (D) | Clock | Period (ns) | Waveform (ns) | Root (R) | Slice Loads | IO Loads | Clock Loads | GT | Net         |
+-------+-----------------+-------------------+-------+-------------+---------------+----------+-------------+----------+-------------+----+-------------+
| g0    | BUFG/O          | n/a               |       |             |               |          |         136 |        0 |           0 |  0 | clk_BUFG[0] |
+-------+-----------------+-------------------+-------+-------------+---------------+----------+-------------+----------+-------------+----+-------------+


+----+----+------+
|    | X0 | X1   |
+----+----+------+
| Y3 |  0 |    0 |
| Y2 |  0 |    0 |
| Y1 |  0 |  136 |
| Y0 |  0 |    0 |
+----+----+------+


9. Load Cell Placement Summary for Global Clock g1
--------------------------------------------------

+-------+-----------------+-------------------+-------+-------------+---------------+----------+-------------+----------+-------------+----+---------------------------+
| GlbID | Driver Type/Pin | Driver Region (D) | Clock | Period (ns) | Waveform (ns) | Root (R) | Slice Loads | IO Loads | Clock Loads | GT | Net                       |
+-------+-----------------+-------------------+-------+-------------+---------------+----------+-------------+----------+-------------+----+---------------------------+
| g1    | BUFG/O          | n/a               |       |             |               |          |          66 |        0 |           0 |  0 | DEWATERIGN_TIMER/real_clk |
+-------+-----------------+-------------------+-------+-------------+---------------+----------+-------------+----------+-------------+----+---------------------------+


+----+----+-----+
|    | X0 | X1  |
+----+----+-----+
| Y3 |  0 |   0 |
| Y2 |  0 |   0 |
| Y1 |  0 |  66 |
| Y0 |  0 |   0 |
+----+----+-----+


10. Load Cell Placement Summary for Global Clock g2
---------------------------------------------------

+-------+-----------------+-------------------+-------+-------------+---------------+----------+-------------+----------+-------------+----+------------------------+
| GlbID | Driver Type/Pin | Driver Region (D) | Clock | Period (ns) | Waveform (ns) | Root (R) | Slice Loads | IO Loads | Clock Loads | GT | Net                    |
+-------+-----------------+-------------------+-------+-------------+---------------+----------+-------------+----------+-------------+----+------------------------+
| g2    | BUFG/O          | n/a               |       |             |               |          |           2 |        0 |           0 |  0 | RINSING_TIMER/real_clk |
+-------+-----------------+-------------------+-------+-------------+---------------+----------+-------------+----------+-------------+----+------------------------+


+----+----+----+
|    | X0 | X1 |
+----+----+----+
| Y3 |  0 |  0 |
| Y2 |  0 |  0 |
| Y1 |  0 |  2 |
| Y0 |  0 |  0 |
+----+----+----+


11. Load Cell Placement Summary for Global Clock g3
---------------------------------------------------

+-------+-----------------+-------------------+-------+-------------+---------------+----------+-------------+----------+-------------+----+---------------------+
| GlbID | Driver Type/Pin | Driver Region (D) | Clock | Period (ns) | Waveform (ns) | Root (R) | Slice Loads | IO Loads | Clock Loads | GT | Net                 |
+-------+-----------------+-------------------+-------+-------------+---------------+----------+-------------+----------+-------------+----+---------------------+
| g3    | BUFG/O          | n/a               |       |             |               |          |          35 |        0 |           0 |  0 | TIMER_WASH/real_clk |
+-------+-----------------+-------------------+-------+-------------+---------------+----------+-------------+----------+-------------+----+---------------------+


+----+----+-----+
|    | X0 | X1  |
+----+----+-----+
| Y3 |  0 |   0 |
| Y2 |  0 |   0 |
| Y1 |  0 |  35 |
| Y0 |  0 |   0 |
+----+----+-----+


12. Load Cell Placement Summary for Global Clock g4
---------------------------------------------------

+-------+-----------------+-------------------+-------+-------------+---------------+----------+-------------+----------+-------------+----+-----------------------+
| GlbID | Driver Type/Pin | Driver Region (D) | Clock | Period (ns) | Waveform (ns) | Root (R) | Slice Loads | IO Loads | Clock Loads | GT | Net                   |
+-------+-----------------+-------------------+-------+-------------+---------------+----------+-------------+----------+-------------+----+-----------------------+
| g4    | BUFG/O          | n/a               |       |             |               |          |          66 |        0 |           0 |  0 | TIMER_WASH/real_clk_0 |
+-------+-----------------+-------------------+-------+-------------+---------------+----------+-------------+----------+-------------+----+-----------------------+


+----+----+-----+
|    | X0 | X1  |
+----+----+-----+
| Y3 |  0 |   0 |
| Y2 |  0 |   0 |
| Y1 |  0 |  66 |
| Y0 |  0 |   0 |
+----+----+-----+


13. Load Cell Placement Summary for Global Clock g5
---------------------------------------------------

+-------+-----------------+-------------------+-------+-------------+---------------+----------+-------------+----------+-------------+----+---------------------------------------+
| GlbID | Driver Type/Pin | Driver Region (D) | Clock | Period (ns) | Waveform (ns) | Root (R) | Slice Loads | IO Loads | Clock Loads | GT | Net                                   |
+-------+-----------------+-------------------+-------+-------------+---------------+----------+-------------+----------+-------------+----+---------------------------------------+
| g5    | BUFG/O          | n/a               |       |             |               |          |          37 |        0 |           0 |  0 | WATER_IN_MODE/WATER_IN_TIMER/real_clk |
+-------+-----------------+-------------------+-------+-------------+---------------+----------+-------------+----------+-------------+----+---------------------------------------+


+----+----+-----+
|    | X0 | X1  |
+----+----+-----+
| Y3 |  0 |   0 |
| Y2 |  0 |   0 |
| Y1 |  0 |  37 |
| Y0 |  0 |   0 |
+----+----+-----+


14. Load Cell Placement Summary for Global Clock g6
---------------------------------------------------

+-------+-----------------+-------------------+-------+-------------+---------------+----------+-------------+----------+-------------+----+-----------------------------------------+
| GlbID | Driver Type/Pin | Driver Region (D) | Clock | Period (ns) | Waveform (ns) | Root (R) | Slice Loads | IO Loads | Clock Loads | GT | Net                                     |
+-------+-----------------+-------------------+-------+-------------+---------------+----------+-------------+----------+-------------+----+-----------------------------------------+
| g6    | BUFG/O          | n/a               |       |             |               |          |           5 |        0 |           0 |  0 | WATER_IN_MODE/WATER_IN_TIMER/real_clk_1 |
+-------+-----------------+-------------------+-------+-------------+---------------+----------+-------------+----------+-------------+----+-----------------------------------------+


+----+----+----+
|    | X0 | X1 |
+----+----+----+
| Y3 |  0 |  0 |
| Y2 |  0 |  0 |
| Y1 |  0 |  5 |
| Y0 |  0 |  0 |
+----+----+----+


15. Load Cell Placement Summary for Global Clock g7
---------------------------------------------------

+-------+-----------------+-------------------+-------+-------------+---------------+----------+-------------+----------+-------------+----+----------------------------------------+
| GlbID | Driver Type/Pin | Driver Region (D) | Clock | Period (ns) | Waveform (ns) | Root (R) | Slice Loads | IO Loads | Clock Loads | GT | Net                                    |
+-------+-----------------+-------------------+-------+-------------+---------------+----------+-------------+----------+-------------+----+----------------------------------------+
| g7    | BUFG/O          | n/a               |       |             |               |          |          34 |        0 |           0 |  0 | WATER_OUT_MODE/WATER_IN_TIMER/real_clk |
+-------+-----------------+-------------------+-------+-------------+---------------+----------+-------------+----------+-------------+----+----------------------------------------+


+----+----+-----+
|    | X0 | X1  |
+----+----+-----+
| Y3 |  0 |   0 |
| Y2 |  0 |   0 |
| Y1 |  0 |  34 |
| Y0 |  0 |   0 |
+----+----+-----+


16. Load Cell Placement Summary for Global Clock g8
---------------------------------------------------

+-------+-----------------+-------------------+-------+-------------+---------------+----------+-------------+----------+-------------+----+-----------------+
| GlbID | Driver Type/Pin | Driver Region (D) | Clock | Period (ns) | Waveform (ns) | Root (R) | Slice Loads | IO Loads | Clock Loads | GT | Net             |
+-------+-----------------+-------------------+-------+-------------+---------------+----------+-------------+----------+-------------+----+-----------------+
| g8    | BUFG/O          | n/a               |       |             |               |          |          37 |        0 |           0 |  0 | real_p_clk_BUFG |
+-------+-----------------+-------------------+-------+-------------+---------------+----------+-------------+----------+-------------+----+-----------------+


+----+----+-----+
|    | X0 | X1  |
+----+----+-----+
| Y3 |  0 |   0 |
| Y2 |  0 |   0 |
| Y1 |  0 |  37 |
| Y0 |  0 |   0 |
+----+----+-----+


17. Load Cell Placement Summary for Global Clock g9
---------------------------------------------------

+-------+-----------------+-------------------+-------+-------------+---------------+----------+-------------+----------+-------------+----+--------------+
| GlbID | Driver Type/Pin | Driver Region (D) | Clock | Period (ns) | Waveform (ns) | Root (R) | Slice Loads | IO Loads | Clock Loads | GT | Net          |
+-------+-----------------+-------------------+-------+-------------+---------------+----------+-------------+----------+-------------+----+--------------+
| g9    | BUFG/O          | n/a               |       |             |               |          |          32 |        0 |           0 |  0 | clk_BUFG[24] |
+-------+-----------------+-------------------+-------+-------------+---------------+----------+-------------+----------+-------------+----+--------------+


+----+----+-----+
|    | X0 | X1  |
+----+----+-----+
| Y3 |  0 |   0 |
| Y2 |  0 |   0 |
| Y1 |  0 |  32 |
| Y0 |  0 |   0 |
+----+----+-----+


18. Load Cell Placement Summary for Global Clock g10
----------------------------------------------------

+-------+-----------------+-------------------+-------+-------------+---------------+----------+-------------+----------+-------------+----+-------------------+
| GlbID | Driver Type/Pin | Driver Region (D) | Clock | Period (ns) | Waveform (ns) | Root (R) | Slice Loads | IO Loads | Clock Loads | GT | Net               |
+-------+-----------------+-------------------+-------+-------------+---------------+----------+-------------+----------+-------------+----+-------------------+
| g10   | BUFG/O          | n/a               |       |             |               |          |          26 |        0 |           0 |  0 | clk_src_IBUF_BUFG |
+-------+-----------------+-------------------+-------+-------------+---------------+----------+-------------+----------+-------------+----+-------------------+


+----+----+-----+
|    | X0 | X1  |
+----+----+-----+
| Y3 |  0 |   0 |
| Y2 |  0 |   0 |
| Y1 |  0 |  26 |
| Y0 |  0 |   0 |
+----+----+-----+


19. Load Cell Placement Summary for Global Clock g11
----------------------------------------------------

+-------+-----------------+-------------------+-------+-------------+---------------+----------+-------------+----------+-------------+----+---------------+
| GlbID | Driver Type/Pin | Driver Region (D) | Clock | Period (ns) | Waveform (ns) | Root (R) | Slice Loads | IO Loads | Clock Loads | GT | Net           |
+-------+-----------------+-------------------+-------+-------------+---------------+----------+-------------+----------+-------------+----+---------------+
| g11   | BUFG/O          | n/a               |       |             |               |          |          27 |        0 |           0 |  0 | n_0_2316_BUFG |
+-------+-----------------+-------------------+-------+-------------+---------------+----------+-------------+----------+-------------+----+---------------+


+----+----+-----+
|    | X0 | X1  |
+----+----+-----+
| Y3 |  0 |   0 |
| Y2 |  0 |   0 |
| Y1 |  0 |  27 |
| Y0 |  0 |   0 |
+----+----+-----+



# Location of BUFG Primitives 
set_property LOC BUFGCTRL_X0Y8 [get_cells real_p_clk_BUFG_inst]
set_property LOC BUFGCTRL_X0Y9 [get_cells n_0_2316_BUFG_inst]
set_property LOC BUFGCTRL_X0Y16 [get_cells clk_src_IBUF_BUFG_inst]
set_property LOC BUFGCTRL_X0Y10 [get_cells clk_BUFG[24]_inst]
set_property LOC BUFGCTRL_X0Y0 [get_cells clk_BUFG[0]_inst]
set_property LOC BUFGCTRL_X0Y7 [get_cells count_mode_reg[2]_i_3__1]
set_property LOC BUFGCTRL_X0Y6 [get_cells count_mode_reg[2]_i_3__0]
set_property LOC BUFGCTRL_X0Y5 [get_cells count_mode_reg[2]_i_3]
set_property LOC BUFGCTRL_X0Y3 [get_cells count_mode_reg[31]_i_3__1]
set_property LOC BUFGCTRL_X0Y2 [get_cells count_mode_reg[31]_i_3__0]
set_property LOC BUFGCTRL_X0Y4 [get_cells count_mode_reg[31]_i_3__2]
set_property LOC BUFGCTRL_X0Y1 [get_cells count_mode_reg[31]_i_3]

# Location of IO Primitives which is load of clock spine

# Location of clock ports
set_property LOC IOB_X1Y126 [get_ports clk_src]

# Clock net "real_p_clk_BUFG" driven by instance "real_p_clk_BUFG_inst" located at site "BUFGCTRL_X0Y8"
#startgroup
create_pblock {CLKAG_real_p_clk_BUFG}
add_cells_to_pblock [get_pblocks  {CLKAG_real_p_clk_BUFG}] [get_cells -filter { PRIMITIVE_GROUP != I/O && IS_PRIMITIVE==1 && PRIMITIVE_LEVEL !=INTERNAL } -of_object [get_pins -filter {DIRECTION==IN} -of_objects [get_nets -hierarchical -filter {PARENT=="real_p_clk_BUFG"}]]]
resize_pblock [get_pblocks {CLKAG_real_p_clk_BUFG}] -add {CLOCKREGION_X1Y1:CLOCKREGION_X1Y1}
#endgroup

# Clock net "n_0_2316_BUFG" driven by instance "n_0_2316_BUFG_inst" located at site "BUFGCTRL_X0Y9"
#startgroup
create_pblock {CLKAG_n_0_2316_BUFG}
add_cells_to_pblock [get_pblocks  {CLKAG_n_0_2316_BUFG}] [get_cells -filter { PRIMITIVE_GROUP != I/O && IS_PRIMITIVE==1 && PRIMITIVE_LEVEL !=INTERNAL } -of_object [get_pins -filter {DIRECTION==IN} -of_objects [get_nets -hierarchical -filter {PARENT=="n_0_2316_BUFG"}]]]
resize_pblock [get_pblocks {CLKAG_n_0_2316_BUFG}] -add {CLOCKREGION_X1Y1:CLOCKREGION_X1Y1}
#endgroup

# Clock net "clk_src_IBUF_BUFG" driven by instance "clk_src_IBUF_BUFG_inst" located at site "BUFGCTRL_X0Y16"
#startgroup
create_pblock {CLKAG_clk_src_IBUF_BUFG}
add_cells_to_pblock [get_pblocks  {CLKAG_clk_src_IBUF_BUFG}] [get_cells -filter { PRIMITIVE_GROUP != I/O && IS_PRIMITIVE==1 && PRIMITIVE_LEVEL !=INTERNAL } -of_object [get_pins -filter {DIRECTION==IN} -of_objects [get_nets -hierarchical -filter {PARENT=="clk_src_IBUF_BUFG"}]]]
resize_pblock [get_pblocks {CLKAG_clk_src_IBUF_BUFG}] -add {CLOCKREGION_X1Y1:CLOCKREGION_X1Y1}
#endgroup

# Clock net "clk_BUFG[24]" driven by instance "clk_BUFG[24]_inst" located at site "BUFGCTRL_X0Y10"
#startgroup
create_pblock {CLKAG_clk_BUFG[24]}
add_cells_to_pblock [get_pblocks  {CLKAG_clk_BUFG[24]}] [get_cells -filter { PRIMITIVE_GROUP != I/O && IS_PRIMITIVE==1 && PRIMITIVE_LEVEL !=INTERNAL } -of_object [get_pins -filter {DIRECTION==IN} -of_objects [get_nets -hierarchical -filter {PARENT=="clk_BUFG[24]"}]]]
resize_pblock [get_pblocks {CLKAG_clk_BUFG[24]}] -add {CLOCKREGION_X1Y1:CLOCKREGION_X1Y1}
#endgroup

# Clock net "clk_BUFG[0]" driven by instance "clk_BUFG[0]_inst" located at site "BUFGCTRL_X0Y0"
#startgroup
create_pblock {CLKAG_clk_BUFG[0]}
add_cells_to_pblock [get_pblocks  {CLKAG_clk_BUFG[0]}] [get_cells -filter { PRIMITIVE_GROUP != I/O && IS_PRIMITIVE==1 && PRIMITIVE_LEVEL !=INTERNAL } -of_object [get_pins -filter {DIRECTION==IN} -of_objects [get_nets -hierarchical -filter {PARENT=="clk_BUFG[0]"}]]]
resize_pblock [get_pblocks {CLKAG_clk_BUFG[0]}] -add {CLOCKREGION_X1Y1:CLOCKREGION_X1Y1}
#endgroup

# Clock net "WATER_OUT_MODE/WATER_IN_TIMER/real_clk" driven by instance "count_mode_reg[2]_i_3__1" located at site "BUFGCTRL_X0Y7"
#startgroup
create_pblock {CLKAG_WATER_OUT_MODE/WATER_IN_TIMER/real_clk}
add_cells_to_pblock [get_pblocks  {CLKAG_WATER_OUT_MODE/WATER_IN_TIMER/real_clk}] [get_cells -filter { PRIMITIVE_GROUP != I/O && IS_PRIMITIVE==1 && PRIMITIVE_LEVEL !=INTERNAL } -of_object [get_pins -filter {DIRECTION==IN} -of_objects [get_nets -hierarchical -filter {PARENT=="WATER_OUT_MODE/WATER_IN_TIMER/real_clk"}]]]
resize_pblock [get_pblocks {CLKAG_WATER_OUT_MODE/WATER_IN_TIMER/real_clk}] -add {CLOCKREGION_X1Y1:CLOCKREGION_X1Y1}
#endgroup

# Clock net "WATER_IN_MODE/WATER_IN_TIMER/real_clk_1" driven by instance "count_mode_reg[2]_i_3__0" located at site "BUFGCTRL_X0Y6"
#startgroup
create_pblock {CLKAG_WATER_IN_MODE/WATER_IN_TIMER/real_clk_1}
add_cells_to_pblock [get_pblocks  {CLKAG_WATER_IN_MODE/WATER_IN_TIMER/real_clk_1}] [get_cells -filter { PRIMITIVE_GROUP != I/O && IS_PRIMITIVE==1 && PRIMITIVE_LEVEL !=INTERNAL } -of_object [get_pins -filter {DIRECTION==IN} -of_objects [get_nets -hierarchical -filter {PARENT=="WATER_IN_MODE/WATER_IN_TIMER/real_clk_1"}]]]
resize_pblock [get_pblocks {CLKAG_WATER_IN_MODE/WATER_IN_TIMER/real_clk_1}] -add {CLOCKREGION_X1Y1:CLOCKREGION_X1Y1}
#endgroup

# Clock net "WATER_IN_MODE/WATER_IN_TIMER/real_clk" driven by instance "count_mode_reg[2]_i_3" located at site "BUFGCTRL_X0Y5"
#startgroup
create_pblock {CLKAG_WATER_IN_MODE/WATER_IN_TIMER/real_clk}
add_cells_to_pblock [get_pblocks  {CLKAG_WATER_IN_MODE/WATER_IN_TIMER/real_clk}] [get_cells -filter { PRIMITIVE_GROUP != I/O && IS_PRIMITIVE==1 && PRIMITIVE_LEVEL !=INTERNAL } -of_object [get_pins -filter {DIRECTION==IN} -of_objects [get_nets -hierarchical -filter {PARENT=="WATER_IN_MODE/WATER_IN_TIMER/real_clk"}]]]
resize_pblock [get_pblocks {CLKAG_WATER_IN_MODE/WATER_IN_TIMER/real_clk}] -add {CLOCKREGION_X1Y1:CLOCKREGION_X1Y1}
#endgroup

# Clock net "TIMER_WASH/real_clk_0" driven by instance "count_mode_reg[31]_i_3__1" located at site "BUFGCTRL_X0Y3"
#startgroup
create_pblock {CLKAG_TIMER_WASH/real_clk_0}
add_cells_to_pblock [get_pblocks  {CLKAG_TIMER_WASH/real_clk_0}] [get_cells -filter { PRIMITIVE_GROUP != I/O && IS_PRIMITIVE==1 && PRIMITIVE_LEVEL !=INTERNAL } -of_object [get_pins -filter {DIRECTION==IN} -of_objects [get_nets -hierarchical -filter {PARENT=="TIMER_WASH/real_clk_0"}]]]
resize_pblock [get_pblocks {CLKAG_TIMER_WASH/real_clk_0}] -add {CLOCKREGION_X1Y1:CLOCKREGION_X1Y1}
#endgroup

# Clock net "TIMER_WASH/real_clk" driven by instance "count_mode_reg[31]_i_3__0" located at site "BUFGCTRL_X0Y2"
#startgroup
create_pblock {CLKAG_TIMER_WASH/real_clk}
add_cells_to_pblock [get_pblocks  {CLKAG_TIMER_WASH/real_clk}] [get_cells -filter { PRIMITIVE_GROUP != I/O && IS_PRIMITIVE==1 && PRIMITIVE_LEVEL !=INTERNAL } -of_object [get_pins -filter {DIRECTION==IN} -of_objects [get_nets -hierarchical -filter {PARENT=="TIMER_WASH/real_clk"}]]]
resize_pblock [get_pblocks {CLKAG_TIMER_WASH/real_clk}] -add {CLOCKREGION_X1Y1:CLOCKREGION_X1Y1}
#endgroup

# Clock net "RINSING_TIMER/real_clk" driven by instance "count_mode_reg[31]_i_3__2" located at site "BUFGCTRL_X0Y4"
#startgroup
create_pblock {CLKAG_RINSING_TIMER/real_clk}
add_cells_to_pblock [get_pblocks  {CLKAG_RINSING_TIMER/real_clk}] [get_cells -filter { PRIMITIVE_GROUP != I/O && IS_PRIMITIVE==1 && PRIMITIVE_LEVEL !=INTERNAL } -of_object [get_pins -filter {DIRECTION==IN} -of_objects [get_nets -hierarchical -filter {PARENT=="RINSING_TIMER/real_clk"}]]]
resize_pblock [get_pblocks {CLKAG_RINSING_TIMER/real_clk}] -add {CLOCKREGION_X1Y1:CLOCKREGION_X1Y1}
#endgroup

# Clock net "DEWATERIGN_TIMER/real_clk" driven by instance "count_mode_reg[31]_i_3" located at site "BUFGCTRL_X0Y1"
#startgroup
create_pblock {CLKAG_DEWATERIGN_TIMER/real_clk}
add_cells_to_pblock [get_pblocks  {CLKAG_DEWATERIGN_TIMER/real_clk}] [get_cells -filter { PRIMITIVE_GROUP != I/O && IS_PRIMITIVE==1 && PRIMITIVE_LEVEL !=INTERNAL } -of_object [get_pins -filter {DIRECTION==IN} -of_objects [get_nets -hierarchical -filter {PARENT=="DEWATERIGN_TIMER/real_clk"}]]]
resize_pblock [get_pblocks {CLKAG_DEWATERIGN_TIMER/real_clk}] -add {CLOCKREGION_X1Y1:CLOCKREGION_X1Y1}
#endgroup
