#-----------------------------------------------------------
# Vivado v2016.2 (64-bit)
# SW Build 1577090 on Thu Jun  2 16:32:35 MDT 2016
# IP Build 1577682 on Fri Jun  3 12:00:54 MDT 2016
# Start of session at: Thu Sep 22 08:37:13 2016
# Process ID: 3036
# Current directory: /home/sabertazimi/Work/Source/dld/ide_temp
# Command line: vivado
# Log file: /home/sabertazimi/Work/Source/dld/ide_temp/vivado.log
# Journal file: /home/sabertazimi/Work/Source/dld/ide_temp/vivado.jou
#-----------------------------------------------------------
start_gui
create_project clock_report /home/sabertazimi/Work/Source/dld/clock_report -part xc7a100tcsg324-1
set_property simulator_language Verilog [current_project]
add_files -norecurse {/home/sabertazimi/Work/Source/dld/clock_design/src/bcd_to_segment.v /home/sabertazimi/Work/Source/dld/clock_design/src/timer.v /home/sabertazimi/Work/Source/dld/clock_design/src/time_displayer.v /home/sabertazimi/Work/Source/dld/clock_design/src/tick_divider.v /home/sabertazimi/Work/Source/dld/clock_design/src/ring.v /home/sabertazimi/Work/Source/dld/clock_design/src/clock.v /home/sabertazimi/Work/Source/dld/clock_design/src/integer_to_bcd.v /home/sabertazimi/Work/Source/dld/clock_design/src/range_divider.v /home/sabertazimi/Work/Source/dld/clock_design/src/time_to_segment.v}
update_compile_order -fileset sources_1
update_compile_order -fileset sim_1
set_property SOURCE_SET sources_1 [get_filesets sim_1]
add_files -fileset sim_1 -norecurse {/home/sabertazimi/Work/Source/dld/clock_design/test/timer_tb.v /home/sabertazimi/Work/Source/dld/clock_design/test/clock_tb.v}
update_compile_order -fileset sim_1
update_compile_order -fileset sim_1
add_files -fileset constrs_1 -norecurse /home/sabertazimi/Work/Source/dld/clock_design/constrs/clock.xdc
launch_runs impl_1 -to_step write_bitstream
wait_on_run impl_1
open_hw
connect_hw_server
open_hw_target
disconnect_hw_server localhost:3121
disconnect_hw_server localhost:3121
connect_hw_server
open_hw_target
disconnect_hw_server localhost:3121
connect_hw_server
open_hw_target
disconnect_hw_server localhost:3121
connect_hw_server
open_hw_target
disconnect_hw_server localhost:3121
disconnect_hw_server localhost:3121
connect_hw_server
open_hw_target
open_hw_target {localhost:3121/xilinx_tcf/Digilent/210274533623A}
disconnect_hw_server localhost:3121
connect_hw_server
open_hw_target
disconnect_hw_server localhost:3121
disconnect_hw_server localhost:3121
connect_hw_server
open_hw_target
disconnect_hw_server localhost:3121
disconnect_hw_server localhost:3121
connect_hw_server
open_hw_target
disconnect_hw_server localhost:3121
connect_hw_server
open_hw_target
disconnect_hw_server localhost:3121
connect_hw_server
open_hw_target
disconnect_hw_server localhost:3121
connect_hw_server
open_hw_target
disconnect_hw_server localhost:3121
connect_hw_server
open_hw_target
disconnect_hw_server localhost:3121
connect_hw_server
disconnect_hw_server localhost:3121
connect_hw_server
