#-----------------------------------------------------------
# Webtalk v2016.1 (64-bit)
# SW Build 1538259 on Fri Apr  8 15:45:23 MDT 2016
# IP Build 1537824 on Fri Apr  8 04:28:57 MDT 2016
# Start of session at: Mon Jun  6 21:08:55 2016
# Process ID: 23964
# Current directory: /home/sabertazimi/gitrepo/hust-lab/verilog/lab5/Mealy_FSM_ROM/Mealy_FSM_ROM.sim/sim_1/behav
# Command line: wbtcv -mode batch -source /home/sabertazimi/gitrepo/hust-lab/verilog/lab5/Mealy_FSM_ROM/Mealy_FSM_ROM.sim/sim_1/behav/xsim.dir/Mealy_FSM_ROM_tb_behav/webtalk/xsim_webtalk.tcl -notrace
# Log file: /home/sabertazimi/gitrepo/hust-lab/verilog/lab5/Mealy_FSM_ROM/Mealy_FSM_ROM.sim/sim_1/behav/webtalk.log
# Journal file: /home/sabertazimi/gitrepo/hust-lab/verilog/lab5/Mealy_FSM_ROM/Mealy_FSM_ROM.sim/sim_1/behav/webtalk.jou
#-----------------------------------------------------------
source /home/sabertazimi/gitrepo/hust-lab/verilog/lab5/Mealy_FSM_ROM/Mealy_FSM_ROM.sim/sim_1/behav/xsim.dir/Mealy_FSM_ROM_tb_behav/webtalk/xsim_webtalk.tcl -notrace
