Copyright 1986-2016 Xilinx, Inc. All Rights Reserved.
------------------------------------------------------------------------------------
| Tool Version : Vivado v.2016.1 (lin64) Build 1538259 Fri Apr  8 15:45:23 MDT 2016
| Date         : Tue Aug 30 21:50:13 2016
| Host         : avalon running 64-bit Ubuntu 16.04 LTS
| Command      : report_control_sets -verbose -file clock_control_sets_placed.rpt
| Design       : clock
| Device       : xc7a100t
------------------------------------------------------------------------------------

Control Set Information

Table of Contents
-----------------
1. Summary
2. Flip-Flop Distribution
3. Detailed Control Set Information

1. Summary
----------

+----------------------------------------------------------+-------+
|                          Status                          | Count |
+----------------------------------------------------------+-------+
| Number of unique control sets                            |    10 |
| Unused register locations in slices containing registers |    33 |
+----------------------------------------------------------+-------+


2. Flip-Flop Distribution
-------------------------

+--------------+-----------------------+------------------------+-----------------+--------------+
| Clock Enable | Synchronous Set/Reset | Asynchronous Set/Reset | Total Registers | Total Slices |
+--------------+-----------------------+------------------------+-----------------+--------------+
| No           | No                    | No                     |              22 |            8 |
| No           | No                    | Yes                    |               1 |            1 |
| No           | Yes                   | No                     |              32 |            8 |
| Yes          | No                    | No                     |             128 |           42 |
| Yes          | No                    | Yes                    |               0 |            0 |
| Yes          | Yes                   | No                     |               0 |            0 |
+--------------+-----------------------+------------------------+-----------------+--------------+


3. Detailed Control Set Information
-----------------------------------

+---------------------------+-----------------+--------------------------+------------------+----------------+
|        Clock Signal       |  Enable Signal  |     Set/Reset Signal     | Slice Load Count | Bel Load Count |
+---------------------------+-----------------+--------------------------+------------------+----------------+
|  clk_dst_BUFG             |                 |                          |                1 |              1 |
|  clk_dst_BUFG             |                 | count_reg[31]_i_2__1_n_0 |                1 |              1 |
|  sig_end_BUFG             |                 |                          |                1 |              1 |
|  TICK_DIVIDER/CLK         |                 |                          |                1 |              3 |
|  clk_src_IBUF_BUFG        |                 |                          |                5 |             17 |
|  count_reg[31]_i_2__1_n_0 | HOUR_TIMER/E[0] |                          |               10 |             32 |
|  clk_src_IBUF_BUFG        |                 | RANGE_DIVIDER/clear      |                8 |             32 |
|  clk_dst_BUFG             | MIN_TIMER/E[0]  |                          |                9 |             32 |
|  clk_dst_BUFG             | HOUR_TIMER/E[0] |                          |               11 |             32 |
|  sig_end_BUFG             | HOUR_TIMER/E[0] |                          |               12 |             32 |
+---------------------------+-----------------+--------------------------+------------------+----------------+


